{
  "config": {
    "configFile": "C:\\Users\\ABajpai\\Desktop\\demo-repo\\demo-repo\\playwright.config.ts",
    "rootDir": "C:/Users/ABajpai/Desktop/demo-repo/demo-repo/e2e",
    "forbidOnly": false,
    "fullyParallel": true,
    "globalSetup": null,
    "globalTeardown": null,
    "globalTimeout": 0,
    "grep": {},
    "grepInvert": null,
    "maxFailures": 0,
    "metadata": {
      "actualWorkers": 2
    },
    "preserveOutput": "always",
    "projects": [
      {
        "outputDir": "C:/Users/ABajpai/Desktop/demo-repo/demo-repo/test-results",
        "repeatEach": 1,
        "retries": 0,
        "metadata": {
          "actualWorkers": 2
        },
        "id": "chromium",
        "name": "chromium",
        "testDir": "C:/Users/ABajpai/Desktop/demo-repo/demo-repo/e2e",
        "testIgnore": [],
        "testMatch": [
          "**/*.@(spec|test).?(c|m)[jt]s?(x)"
        ],
        "timeout": 30000
      }
    ],
    "quiet": false,
    "reporter": [
      [
        "json"
      ]
    ],
    "reportSlowTests": {
      "max": 5,
      "threshold": 300000
    },
    "shard": null,
    "tags": [],
    "updateSnapshots": "missing",
    "updateSourceMethod": "patch",
    "version": "1.59.1",
    "workers": 6,
    "webServer": {
      "command": "yarn run dev",
      "url": "http://localhost:3000",
      "reuseExistingServer": true
    }
  },
  "suites": [
    {
      "title": "login.spec.ts",
      "file": "login.spec.ts",
      "column": 0,
      "line": 0,
      "specs": [],
      "suites": [
        {
          "title": "Login Page",
          "file": "login.spec.ts",
          "line": 3,
          "column": 6,
          "specs": [
            {
              "title": "should display login form",
              "ok": false,
              "tags": [],
              "tests": [
                {
                  "timeout": 30000,
                  "annotations": [],
                  "expectedStatus": "passed",
                  "projectId": "chromium",
                  "projectName": "chromium",
                  "results": [
                    {
                      "workerIndex": 0,
                      "parallelIndex": 0,
                      "status": "failed",
                      "duration": 19935,
                      "error": {
                        "message": "Error: \u001b[2mexpect(\u001b[22m\u001b[31mlocator\u001b[39m\u001b[2m).\u001b[22mtoBeVisible\u001b[2m(\u001b[22m\u001b[2m)\u001b[22m failed\n\nLocator: getByRole('heading', { name: 'Welcome back' })\nExpected: visible\nTimeout: 5000ms\nError: element(s) not found\n\nCall log:\n\u001b[2m  - Expect \"toBeVisible\" with timeout 5000ms\u001b[22m\n\u001b[2m  - waiting for getByRole('heading', { name: 'Welcome back' })\u001b[22m\n\u001b[2m    - waiting for\" http://localhost:3000/login\" navigation to finish...\u001b[22m\n",
                        "stack": "Error: \u001b[2mexpect(\u001b[22m\u001b[31mlocator\u001b[39m\u001b[2m).\u001b[22mtoBeVisible\u001b[2m(\u001b[22m\u001b[2m)\u001b[22m failed\n\nLocator: getByRole('heading', { name: 'Welcome back' })\nExpected: visible\nTimeout: 5000ms\nError: element(s) not found\n\nCall log:\n\u001b[2m  - Expect \"toBeVisible\" with timeout 5000ms\u001b[22m\n\u001b[2m  - waiting for getByRole('heading', { name: 'Welcome back' })\u001b[22m\n\u001b[2m    - waiting for\" http://localhost:3000/login\" navigation to finish...\u001b[22m\n\n    at C:\\Users\\ABajpai\\Desktop\\demo-repo\\demo-repo\\e2e\\login.spec.ts:9:71",
                        "location": {
                          "file": "C:\\Users\\ABajpai\\Desktop\\demo-repo\\demo-repo\\e2e\\login.spec.ts",
                          "column": 71,
                          "line": 9
                        },
                        "snippet": "\u001b[0m \u001b[90m  7 |\u001b[39m\n \u001b[90m  8 |\u001b[39m   test(\u001b[32m\"should display login form\"\u001b[39m\u001b[33m,\u001b[39m \u001b[36masync\u001b[39m ({ page }) \u001b[33m=>\u001b[39m {\n\u001b[31m\u001b[1m>\u001b[22m\u001b[39m\u001b[90m  9 |\u001b[39m     \u001b[36mawait\u001b[39m expect(page\u001b[33m.\u001b[39mgetByRole(\u001b[32m\"heading\"\u001b[39m\u001b[33m,\u001b[39m { name\u001b[33m:\u001b[39m \u001b[32m\"Welcome back\"\u001b[39m }))\u001b[33m.\u001b[39mtoBeVisible()\u001b[33m;\u001b[39m\n \u001b[90m    |\u001b[39m                                                                       \u001b[31m\u001b[1m^\u001b[22m\u001b[39m\n \u001b[90m 10 |\u001b[39m     \u001b[36mawait\u001b[39m expect(page\u001b[33m.\u001b[39mgetByLabel(\u001b[32m\"Email address\"\u001b[39m))\u001b[33m.\u001b[39mtoBeVisible()\u001b[33m;\u001b[39m\n \u001b[90m 11 |\u001b[39m     \u001b[36mawait\u001b[39m expect(page\u001b[33m.\u001b[39mgetByLabel(\u001b[32m\"Password\"\u001b[39m))\u001b[33m.\u001b[39mtoBeVisible()\u001b[33m;\u001b[39m\n \u001b[90m 12 |\u001b[39m     \u001b[36mawait\u001b[39m expect(page\u001b[33m.\u001b[39mgetByRole(\u001b[32m\"button\"\u001b[39m\u001b[33m,\u001b[39m { name\u001b[33m:\u001b[39m \u001b[32m\"Sign in\"\u001b[39m }))\u001b[33m.\u001b[39mtoBeVisible()\u001b[33m;\u001b[39m\u001b[0m"
                      },
                      "errors": [
                        {
                          "location": {
                            "file": "C:\\Users\\ABajpai\\Desktop\\demo-repo\\demo-repo\\e2e\\login.spec.ts",
                            "column": 71,
                            "line": 9
                          },
                          "message": "Error: \u001b[2mexpect(\u001b[22m\u001b[31mlocator\u001b[39m\u001b[2m).\u001b[22mtoBeVisible\u001b[2m(\u001b[22m\u001b[2m)\u001b[22m failed\n\nLocator: getByRole('heading', { name: 'Welcome back' })\nExpected: visible\nTimeout: 5000ms\nError: element(s) not found\n\nCall log:\n\u001b[2m  - Expect \"toBeVisible\" with timeout 5000ms\u001b[22m\n\u001b[2m  - waiting for getByRole('heading', { name: 'Welcome back' })\u001b[22m\n\u001b[2m    - waiting for\" http://localhost:3000/login\" navigation to finish...\u001b[22m\n\n\n   7 |\n   8 |   test(\"should display login form\", async ({ page }) => {\n>  9 |     await expect(page.getByRole(\"heading\", { name: \"Welcome back\" })).toBeVisible();\n     |                                                                       ^\n  10 |     await expect(page.getByLabel(\"Email address\")).toBeVisible();\n  11 |     await expect(page.getByLabel(\"Password\")).toBeVisible();\n  12 |     await expect(page.getByRole(\"button\", { name: \"Sign in\" })).toBeVisible();\n    at C:\\Users\\ABajpai\\Desktop\\demo-repo\\demo-repo\\e2e\\login.spec.ts:9:71"
                        }
                      ],
                      "stdout": [],
                      "stderr": [],
                      "retry": 0,
                      "startTime": "2026-04-09T18:53:57.450Z",
                      "annotations": [],
                      "attachments": [
                        {
                          "name": "error-context",
                          "contentType": "text/markdown",
                          "path": "C:\\Users\\ABajpai\\Desktop\\demo-repo\\demo-repo\\test-results\\login-Login-Page-should-display-login-form-chromium\\error-context.md"
                        }
                      ],
                      "errorLocation": {
                        "file": "C:\\Users\\ABajpai\\Desktop\\demo-repo\\demo-repo\\e2e\\login.spec.ts",
                        "column": 71,
                        "line": 9
                      }
                    }
                  ],
                  "status": "unexpected"
                }
              ],
              "id": "41d3fd2474a19feb00a1-77ae1c228501fcae1bcb",
              "file": "login.spec.ts",
              "line": 8,
              "column": 7
            },
            {
              "title": "should show error message for invalid credentials",
              "ok": false,
              "tags": [],
              "tests": [
                {
                  "timeout": 30000,
                  "annotations": [],
                  "expectedStatus": "passed",
                  "projectId": "chromium",
                  "projectName": "chromium",
                  "results": [
                    {
                      "workerIndex": 1,
                      "parallelIndex": 1,
                      "status": "timedOut",
                      "duration": 30298,
                      "error": {
                        "message": "\u001b[31mTest timeout of 30000ms exceeded.\u001b[39m",
                        "stack": "\u001b[31mTest timeout of 30000ms exceeded.\u001b[39m"
                      },
                      "errors": [
                        {
                          "message": "\u001b[31mTest timeout of 30000ms exceeded.\u001b[39m"
                        },
                        {
                          "location": {
                            "file": "C:\\Users\\ABajpai\\Desktop\\demo-repo\\demo-repo\\e2e\\login.spec.ts",
                            "column": 44,
                            "line": 16
                          },
                          "message": "Error: locator.fill: Test timeout of 30000ms exceeded.\nCall log:\n\u001b[2m  - waiting for getByLabel('Email address')\u001b[22m\n\u001b[2m    - waiting for\" http://localhost:3000/login\" navigation to finish...\u001b[22m\n\u001b[2m    - navigated to \"http://localhost:3000/login\"\u001b[22m\n\n\n  14 |\n  15 |   test(\"should show error message for invalid credentials\", async ({ page }) => {\n> 16 |     await page.getByLabel(\"Email address\").fill(\"wrong@example.com\");\n     |                                            ^\n  17 |     await page.getByLabel(\"Password\").fill(\"wrongpassword\");\n  18 |     await page.getByRole(\"button\", { name: \"Sign in\" }).click();\n  19 |\n    at C:\\Users\\ABajpai\\Desktop\\demo-repo\\demo-repo\\e2e\\login.spec.ts:16:44"
                        }
                      ],
                      "stdout": [],
                      "stderr": [],
                      "retry": 0,
                      "startTime": "2026-04-09T18:53:57.491Z",
                      "annotations": [],
                      "attachments": [
                        {
                          "name": "error-context",
                          "contentType": "text/markdown",
                          "path": "C:\\Users\\ABajpai\\Desktop\\demo-repo\\demo-repo\\test-results\\login-Login-Page-should-sh-62a16-age-for-invalid-credentials-chromium\\error-context.md"
                        }
                      ]
                    }
                  ],
                  "status": "unexpected"
                }
              ],
              "id": "41d3fd2474a19feb00a1-3e798184433c053514b3",
              "file": "login.spec.ts",
              "line": 15,
              "column": 7
            }
          ]
        }
      ]
    }
  ],
  "errors": [],
  "stats": {
    "startTime": "2026-04-09T18:53:12.535Z",
    "duration": 77039.162,
    "expected": 0,
    "skipped": 0,
    "unexpected": 2,
    "flaky": 0
  }
}
